options.options is deprecated. Use options.args instead.
info: [plugins] Loaded plugin: benderjs-coverage
info: [plugins] Loaded plugin: benderjs-yui
info: [plugins] Loaded plugin: benderjs-sinon
info: [plugins] Loaded plugin: benderjs-jquery
info: [plugins] Loaded plugin: src/test/ckeditor/_benderjs/ckeditor
info: [plugins] Loaded plugin: benderjs-yui-beautified
warn: Address http://localhost:1030 in use - trying on a different port.
info: Bender.js v0.4.6 Server started at http://localhost:1031
info: Dashboard connected: /dashboard#wm0h6QsWaEiu0XDfAAAB
info: Dashboard connected: /dashboard#wm0h6QsWaEiu0XDfAAAB
fs.js:136
    throw new ERR_INVALID_CALLBACK();
    ^

TypeError [ERR_INVALID_CALLBACK]: Callback must be a function
    at makeCallback (fs.js:136:11)
    at Object.unlink (fs.js:943:14)
    at exports.NsSocket.<anonymous> (D:\code\os\core\modules\js\node_modules\forever\lib\forever\worker.js:96:12)
    at exports.NsSocket.EventEmitter.emit (D:\code\os\core\modules\js\node_modules\eventemitter2\lib\eventemitter2.js:339:22)
    at exports.NsSocket._onData (D:\code\os\core\modules\js\node_modules\nssocket\lib\nssocket.js:456:8)
    at Lazy.<anonymous> (D:\code\os\core\modules\js\node_modules\lazy\lazy.js:91:13)
    at Lazy.<anonymous> (D:\code\os\core\modules\js\node_modules\lazy\lazy.js:73:19)
    at Lazy.emit (events.js:198:13)
    at Lazy.<anonymous> (D:\code\os\core\modules\js\node_modules\lazy\lazy.js:74:22)
    at Lazy.emit (events.js:198:13)
options.options is deprecated. Use options.args instead.
info: [plugins] Loaded plugin: benderjs-coverage
info: [plugins] Loaded plugin: benderjs-yui
info: [plugins] Loaded plugin: benderjs-sinon
info: [plugins] Loaded plugin: benderjs-jquery
info: [plugins] Loaded plugin: src/test/ckeditor/_benderjs/ckeditor
info: [plugins] Loaded plugin: benderjs-yui-beautified
warn: Address http://localhost:1030 in use - trying on a different port.
warn: Address http://localhost:1031 in use - trying on a different port.
info: Bender.js v0.4.6 Server started at http://localhost:1032
info: Dashboard connected: /dashboard#WBZruDO2OGpCijRaAAAB
info: Dashboard connected: /dashboard#WBZruDO2OGpCijRaAAAB
