[INFO  - 2023-06-19T10:33:42.289Z] GhostDriver - Main - running on port 5754
[INFO  - 2023-06-19T10:33:43.029Z] Session [c3528700-0e8c-11ee-b715-77db62319dfc] - page.settings - {"XSSAuditingEnabled":false,"javascriptCanCloseWindows":true,"javascriptCanOpenWindows":true,"javascriptEnabled":true,"loadImages":true,"localToRemoteUrlAccessEnabled":false,"userAgent":"Mozilla/5.0 (Windows NT 6.2; WOW64) AppleWebKit/538.1 (KHTML, like Gecko) PhantomJS/2.1.1 Safari/538.1","webSecurityEnabled":true}
[INFO  - 2023-06-19T10:33:43.030Z] Session [c3528700-0e8c-11ee-b715-77db62319dfc] - page.customHeaders:  - {}
[INFO  - 2023-06-19T10:33:43.030Z] Session [c3528700-0e8c-11ee-b715-77db62319dfc] - Session.negotiatedCapabilities - {"browserName":"phantomjs","version":"2.1.1","driverName":"ghostdriver","driverVersion":"1.2.0","platform":"windows-10-32bit","javascriptEnabled":true,"takesScreenshot":true,"handlesAlerts":false,"databaseEnabled":false,"locationContextEnabled":false,"applicationCacheEnabled":false,"browserConnectionEnabled":false,"cssSelectorsEnabled":true,"webStorageEnabled":false,"rotatable":false,"acceptSslCerts":false,"nativeEvents":true,"proxy":{"proxyType":"direct"}}
[INFO  - 2023-06-19T10:33:43.035Z] SessionManagerReqHand - _postNewSessionCommand - New Session Created: c3528700-0e8c-11ee-b715-77db62319dfc
[ERROR - 2023-06-19T10:33:44.455Z] Session [c3528700-0e8c-11ee-b715-77db62319dfc] - page.onError - msg: Not able to uniquely identify config for: ' [object Object] ' . The Conflicting configurations are -  [object Object],[object Object]
[ERROR - 2023-06-19T10:33:44.455Z] Session [c3528700-0e8c-11ee-b715-77db62319dfc] - page.onError - stack:
  error (:0)
[ERROR - 2023-06-19T10:33:44.459Z] Session [c3528700-0e8c-11ee-b715-77db62319dfc] - page.onError - msg: Not able to uniquely identify config for: ' [object Object] ' . The Conflicting configurations are -  [object Object],[object Object]
[ERROR - 2023-06-19T10:33:44.459Z] Session [c3528700-0e8c-11ee-b715-77db62319dfc] - page.onError - stack:
  error (:0)
[ERROR - 2023-06-19T10:33:44.460Z] Session [c3528700-0e8c-11ee-b715-77db62319dfc] - page.onError - msg: Not able to uniquely identify config for: ' [object Object] ' . The Conflicting configurations are -  [object Object],[object Object]
[ERROR - 2023-06-19T10:33:44.460Z] Session [c3528700-0e8c-11ee-b715-77db62319dfc] - page.onError - stack:
  error (:0)
[ERROR - 2023-06-19T10:33:44.461Z] Session [c3528700-0e8c-11ee-b715-77db62319dfc] - page.onError - msg: Not able to uniquely identify config for: ' [object Object] ' . The Conflicting configurations are -  [object Object],[object Object]
[ERROR - 2023-06-19T10:33:44.461Z] Session [c3528700-0e8c-11ee-b715-77db62319dfc] - page.onError - stack:
  error (:0)
[INFO  - 2023-06-19T10:33:44.958Z] ShutdownReqHand - _handle - About to shutdown
[INFO  - 2023-06-19T12:59:48.872Z] GhostDriver - Main - running on port 11874
[INFO  - 2023-06-19T12:59:49.155Z] Session [2c56e5c0-0ea1-11ee-a0c7-515ae0c77fb9] - page.settings - {"XSSAuditingEnabled":false,"javascriptCanCloseWindows":true,"javascriptCanOpenWindows":true,"javascriptEnabled":true,"loadImages":true,"localToRemoteUrlAccessEnabled":false,"userAgent":"Mozilla/5.0 (Windows NT 6.2; WOW64) AppleWebKit/538.1 (KHTML, like Gecko) PhantomJS/2.1.1 Safari/538.1","webSecurityEnabled":true}
[INFO  - 2023-06-19T12:59:49.155Z] Session [2c56e5c0-0ea1-11ee-a0c7-515ae0c77fb9] - page.customHeaders:  - {}
[INFO  - 2023-06-19T12:59:49.155Z] Session [2c56e5c0-0ea1-11ee-a0c7-515ae0c77fb9] - Session.negotiatedCapabilities - {"browserName":"phantomjs","version":"2.1.1","driverName":"ghostdriver","driverVersion":"1.2.0","platform":"windows-10-32bit","javascriptEnabled":true,"takesScreenshot":true,"handlesAlerts":false,"databaseEnabled":false,"locationContextEnabled":false,"applicationCacheEnabled":false,"browserConnectionEnabled":false,"cssSelectorsEnabled":true,"webStorageEnabled":false,"rotatable":false,"acceptSslCerts":false,"nativeEvents":true,"proxy":{"proxyType":"direct"}}
[INFO  - 2023-06-19T12:59:49.156Z] SessionManagerReqHand - _postNewSessionCommand - New Session Created: 2c56e5c0-0ea1-11ee-a0c7-515ae0c77fb9
[ERROR - 2023-06-19T12:59:51.999Z] Session [2c56e5c0-0ea1-11ee-a0c7-515ae0c77fb9] - page.onError - msg: Not able to uniquely identify config for: ' [object Object] ' . The Conflicting configurations are -  [object Object],[object Object]
[ERROR - 2023-06-19T12:59:51.999Z] Session [2c56e5c0-0ea1-11ee-a0c7-515ae0c77fb9] - page.onError - stack:
  error (:0)
[ERROR - 2023-06-19T12:59:52.003Z] Session [2c56e5c0-0ea1-11ee-a0c7-515ae0c77fb9] - page.onError - msg: Not able to uniquely identify config for: ' [object Object] ' . The Conflicting configurations are -  [object Object],[object Object]
[ERROR - 2023-06-19T12:59:52.004Z] Session [2c56e5c0-0ea1-11ee-a0c7-515ae0c77fb9] - page.onError - stack:
  error (:0)
[ERROR - 2023-06-19T12:59:52.004Z] Session [2c56e5c0-0ea1-11ee-a0c7-515ae0c77fb9] - page.onError - msg: Not able to uniquely identify config for: ' [object Object] ' . The Conflicting configurations are -  [object Object],[object Object]
[ERROR - 2023-06-19T12:59:52.005Z] Session [2c56e5c0-0ea1-11ee-a0c7-515ae0c77fb9] - page.onError - stack:
  error (:0)
[ERROR - 2023-06-19T12:59:52.006Z] Session [2c56e5c0-0ea1-11ee-a0c7-515ae0c77fb9] - page.onError - msg: Not able to uniquely identify config for: ' [object Object] ' . The Conflicting configurations are -  [object Object],[object Object]
[ERROR - 2023-06-19T12:59:52.006Z] Session [2c56e5c0-0ea1-11ee-a0c7-515ae0c77fb9] - page.onError - stack:
  error (:0)
[INFO  - 2023-06-19T12:59:53.108Z] ShutdownReqHand - _handle - About to shutdown
